venv\Scripts\python.exe : E:\AGENT\venv\lib\site-packages\google\api_core\_python_version_support.py:273: 
FutureWarning: You are using a Python version (3.10.11) which Google will stop supporting in new releases of 
google.api_core once it reaches its end of life (2026-10-04). Please upgrade to the latest Python version, or at least 
Python 3.11, to continue receiving updates for google.api_core past that date.
At line:1 char:1
+ venv\Scripts\python.exe scripts\test_phase3.py > test_output.txt 2>&1
+ ~~~~~~~~~~~~~~~~~~~~~~~~~~~~~~~~~~~~~~~~~~~~~~~~~~~~~~~~~~~~~~~~~~~~~
    + CategoryInfo          : NotSpecified: (E:\AGENT\venv\l...past that date.:String) [], RemoteException
    + FullyQualifiedErrorId : NativeCommandError
 
  warnings.warn(message, FutureWarning)
17:55:33 INFO  ============================================================
17:55:33 INFO  PHASE 3 TEST: AUTONOMOUS GRAPH PIPELINE
17:55:33 INFO  ============================================================
17:55:33 INFO  Config loaded: 5 characters, 50 topics, 3 upload slots
--- Logging error ---
Traceback (most recent call last):
  File "C:\Users\tomar\AppData\Local\Programs\Python\Python310\lib\logging\__init__.py", line 1103, in emit
    stream.write(msg + self.terminator)
  File "C:\Users\tomar\AppData\Local\Programs\Python\Python310\lib\encodings\cp1252.py", line 19, in encode
    return codecs.charmap_encode(input,self.errors,encoding_table)[0]
UnicodeEncodeError: 'charmap' codec can't encode character '\u2713' in position 17: character maps to <undefined>
Call stack:
  File "E:\AGENT\scripts\test_phase3.py", line 104, in <module>
    asyncio.run(main())
  File "C:\Users\tomar\AppData\Local\Programs\Python\Python310\lib\asyncio\runners.py", line 44, in run
    return loop.run_until_complete(main)
  File "C:\Users\tomar\AppData\Local\Programs\Python\Python310\lib\asyncio\base_events.py", line 636, in 
run_until_complete
    self.run_forever()
  File "C:\Users\tomar\AppData\Local\Programs\Python\Python310\lib\asyncio\windows_events.py", line 321, in run_forever
    super().run_forever()
  File "C:\Users\tomar\AppData\Local\Programs\Python\Python310\lib\asyncio\base_events.py", line 603, in run_forever
    self._run_once()
  File "C:\Users\tomar\AppData\Local\Programs\Python\Python310\lib\asyncio\base_events.py", line 1909, in _run_once
    handle._run()
  File "C:\Users\tomar\AppData\Local\Programs\Python\Python310\lib\asyncio\events.py", line 80, in _run
    self._context.run(self._callback, *self._args)
  File "E:\AGENT\scripts\test_phase3.py", line 41, in main
    checks_passed = await run_all_checks(config)
  File "E:\AGENT\agent\startup_checks.py", line 265, in run_all_checks
    logger.info(f"  \u2713 {name} ù PASS ({elapsed:.0f}ms)")
Message: '  \u2713 FFmpeg + libass ù PASS (377ms)'
Arguments: ()
--- Logging error ---
Traceback (most recent call last):
  File "C:\Users\tomar\AppData\Local\Programs\Python\Python310\lib\logging\__init__.py", line 1103, in emit
    stream.write(msg + self.terminator)
  File "C:\Users\tomar\AppData\Local\Programs\Python\Python310\lib\encodings\cp1252.py", line 19, in encode
    return codecs.charmap_encode(input,self.errors,encoding_table)[0]
UnicodeEncodeError: 'charmap' codec can't encode character '\u2713' in position 17: character maps to <undefined>
Call stack:
  File "E:\AGENT\scripts\test_phase3.py", line 104, in <module>
    asyncio.run(main())
  File "C:\Users\tomar\AppData\Local\Programs\Python\Python310\lib\asyncio\runners.py", line 44, in run
    return loop.run_until_complete(main)
  File "C:\Users\tomar\AppData\Local\Programs\Python\Python310\lib\asyncio\base_events.py", line 636, in 
run_until_complete
    self.run_forever()
  File "C:\Users\tomar\AppData\Local\Programs\Python\Python310\lib\asyncio\windows_events.py", line 321, in run_forever
    super().run_forever()
  File "C:\Users\tomar\AppData\Local\Programs\Python\Python310\lib\asyncio\base_events.py", line 603, in run_forever
    self._run_once()
  File "C:\Users\tomar\AppData\Local\Programs\Python\Python310\lib\asyncio\base_events.py", line 1909, in _run_once
    handle._run()
  File "C:\Users\tomar\AppData\Local\Programs\Python\Python310\lib\asyncio\events.py", line 80, in _run
    self._context.run(self._callback, *self._args)
  File "E:\AGENT\scripts\test_phase3.py", line 41, in main
    checks_passed = await run_all_checks(config)
  File "E:\AGENT\agent\startup_checks.py", line 265, in run_all_checks
    logger.info(f"  \u2713 {name} ù PASS ({elapsed:.0f}ms)")
Message: '  \u2713 Kokoro models ù PASS (0ms)'
Arguments: ()
--- Logging error ---
Traceback (most recent call last):
  File "C:\Users\tomar\AppData\Local\Programs\Python\Python310\lib\logging\__init__.py", line 1103, in emit
    stream.write(msg + self.terminator)
  File "C:\Users\tomar\AppData\Local\Programs\Python\Python310\lib\encodings\cp1252.py", line 19, in encode
    return codecs.charmap_encode(input,self.errors,encoding_table)[0]
UnicodeEncodeError: 'charmap' codec can't encode character '\u2713' in position 17: character maps to <undefined>
Call stack:
  File "E:\AGENT\scripts\test_phase3.py", line 104, in <module>
    asyncio.run(main())
  File "C:\Users\tomar\AppData\Local\Programs\Python\Python310\lib\asyncio\runners.py", line 44, in run
    return loop.run_until_complete(main)
  File "C:\Users\tomar\AppData\Local\Programs\Python\Python310\lib\asyncio\base_events.py", line 636, in 
run_until_complete
    self.run_forever()
  File "C:\Users\tomar\AppData\Local\Programs\Python\Python310\lib\asyncio\windows_events.py", line 321, in run_forever
    super().run_forever()
  File "C:\Users\tomar\AppData\Local\Programs\Python\Python310\lib\asyncio\base_events.py", line 603, in run_forever
    self._run_once()
  File "C:\Users\tomar\AppData\Local\Programs\Python\Python310\lib\asyncio\base_events.py", line 1909, in _run_once
    handle._run()
  File "C:\Users\tomar\AppData\Local\Programs\Python\Python310\lib\asyncio\events.py", line 80, in _run
    self._context.run(self._callback, *self._args)
  File "E:\AGENT\scripts\test_phase3.py", line 41, in main
    checks_passed = await run_all_checks(config)
  File "E:\AGENT\agent\startup_checks.py", line 265, in run_all_checks
    logger.info(f"  \u2713 {name} ù PASS ({elapsed:.0f}ms)")
Message: '  \u2713 Disk space ù PASS (0ms)'
Arguments: ()
--- Logging error ---
Traceback (most recent call last):
  File "C:\Users\tomar\AppData\Local\Programs\Python\Python310\lib\logging\__init__.py", line 1103, in emit
    stream.write(msg + self.terminator)
  File "C:\Users\tomar\AppData\Local\Programs\Python\Python310\lib\encodings\cp1252.py", line 19, in encode
    return codecs.charmap_encode(input,self.errors,encoding_table)[0]
UnicodeEncodeError: 'charmap' codec can't encode character '\u2713' in position 17: character maps to <undefined>
Call stack:
  File "E:\AGENT\scripts\test_phase3.py", line 104, in <module>
    asyncio.run(main())
  File "C:\Users\tomar\AppData\Local\Programs\Python\Python310\lib\asyncio\runners.py", line 44, in run
    return loop.run_until_complete(main)
  File "C:\Users\tomar\AppData\Local\Programs\Python\Python310\lib\asyncio\base_events.py", line 636, in 
run_until_complete
    self.run_forever()
  File "C:\Users\tomar\AppData\Local\Programs\Python\Python310\lib\asyncio\windows_events.py", line 321, in run_forever
    super().run_forever()
  File "C:\Users\tomar\AppData\Local\Programs\Python\Python310\lib\asyncio\base_events.py", line 603, in run_forever
    self._run_once()
  File "C:\Users\tomar\AppData\Local\Programs\Python\Python310\lib\asyncio\base_events.py", line 1909, in _run_once
    handle._run()
  File "C:\Users\tomar\AppData\Local\Programs\Python\Python310\lib\asyncio\events.py", line 80, in _run
    self._context.run(self._callback, *self._args)
  File "E:\AGENT\scripts\test_phase3.py", line 41, in main
    checks_passed = await run_all_checks(config)
  File "E:\AGENT\agent\startup_checks.py", line 265, in run_all_checks
    logger.info(f"  \u2713 {name} ù PASS ({elapsed:.0f}ms)")
Message: '  \u2713 Environment variables ù PASS (1ms)'
Arguments: ()
--- Logging error ---
Traceback (most recent call last):
  File "C:\Users\tomar\AppData\Local\Programs\Python\Python310\lib\logging\__init__.py", line 1103, in emit
    stream.write(msg + self.terminator)
  File "C:\Users\tomar\AppData\Local\Programs\Python\Python310\lib\encodings\cp1252.py", line 19, in encode
    return codecs.charmap_encode(input,self.errors,encoding_table)[0]
UnicodeEncodeError: 'charmap' codec can't encode character '\u2713' in position 17: character maps to <undefined>
Call stack:
  File "E:\AGENT\scripts\test_phase3.py", line 104, in <module>
    asyncio.run(main())
  File "C:\Users\tomar\AppData\Local\Programs\Python\Python310\lib\asyncio\runners.py", line 44, in run
    return loop.run_until_complete(main)
  File "C:\Users\tomar\AppData\Local\Programs\Python\Python310\lib\asyncio\base_events.py", line 636, in 
run_until_complete
    self.run_forever()
  File "C:\Users\tomar\AppData\Local\Programs\Python\Python310\lib\asyncio\windows_events.py", line 321, in run_forever
    super().run_forever()
  File "C:\Users\tomar\AppData\Local\Programs\Python\Python310\lib\asyncio\base_events.py", line 603, in run_forever
    self._run_once()
  File "C:\Users\tomar\AppData\Local\Programs\Python\Python310\lib\asyncio\base_events.py", line 1909, in _run_once
    handle._run()
  File "C:\Users\tomar\AppData\Local\Programs\Python\Python310\lib\asyncio\events.py", line 80, in _run
    self._context.run(self._callback, *self._args)
  File "E:\AGENT\scripts\test_phase3.py", line 41, in main
    checks_passed = await run_all_checks(config)
  File "E:\AGENT\agent\startup_checks.py", line 265, in run_all_checks
    logger.info(f"  \u2713 {name} ù PASS ({elapsed:.0f}ms)")
Message: '  \u2713 OAuth credentials ù PASS (0ms)'
Arguments: ()
17:55:34 INFO  
[test] Starting LangGraph pipeline run_pipeline()...
17:55:34 INFO  [idea_generator] Starting ù state keys: ['run_id', 'created_at', 'config', 'topic', 'character_a', 'character_b', 'character_a_role', 'character_b_role', 'character_a_voice', 'character_b_voice', 'character_a_image_folder', 'character_b_image_folder', 'trend_source', 'script', 'script_line_count', 'script_duration_estimate_sec', 'character_a_image', 'character_b_image', 'audio_segments', 'background_video', 'full_audio_path', 'full_audio_duration_ms', 'subtitle_file', 'intermediate_video', 'final_video', 'video_duration_sec', 'video_validated', 'title', 'description', 'hashtags', 'tags', 'queue_entry_id', 'scheduled_upload_time', 'error', 'failed_node']
17:55:41 INFO  [trends] Found 10 trending topics
17:55:41 INFO  [idea_generator] Complete in 7236ms ù wrote:
  topic='What is a microprocessor?'
  character_a='Nobita' (role=confused)
  character_b='Doraemon' (role=explainer)
  trend_source='pytrends'
17:55:41 INFO  [script_writer] Starting ù state keys: ['run_id', 'created_at', 'config', 'topic', 'character_a', 'character_b', 'character_a_role', 'character_b_role', 'character_a_voice', 'character_b_voice', 'character_a_image_folder', 'character_b_image_folder', 'trend_source', 'script', 'script_line_count', 'script_duration_estimate_sec', 'character_a_image', 'character_b_image', 'audio_segments', 'background_video', 'full_audio_path', 'full_audio_duration_ms', 'subtitle_file', 'intermediate_video', 'final_video', 'video_duration_sec', 'video_validated', 'title', 'description', 'hashtags', 'tags', 'queue_entry_id', 'scheduled_upload_time', 'error', 'failed_node']
17:55:41 WARNING Both GOOGLE_API_KEY and GEMINI_API_KEY are set. Using GOOGLE_API_KEY.
17:55:41 INFO  [script_writer] Sending to Gemini ù ~31 words in prompt
17:55:41 INFO  AFC is enabled with max remote calls: 10.
17:55:50 INFO  HTTP Request: POST https://generativelanguage.googleapis.com/v1beta/models/gemini-2.5-flash:generateContent "HTTP/1.1 200 OK"
17:55:50 INFO  [script_writer] Complete in 8932ms ù wrote:
  Lines: 8
  Words: 139
  Est. duration: 55.6s
17:55:50 INFO    [0] Nobita: 'Doraemon, what's a microprocessor? Is it like a tiny blender...'
17:55:50 INFO    [1] Doraemon: 'LOL no, Nobita! It's the actual BRAIN of your phone, your PC...'
17:55:50 INFO    [2] Nobita: 'So it's a tiny CEO for machines? But what does it *do*? Just...'
17:55:50 INFO    [3] Doraemon: 'Nah fam! It takes instructions, processes data, executes EVE...'
17:55:50 INFO    [4] Nobita: 'But *how*? Like a super-fast abacus? Or tiny gnomes doing ma...'
17:55:50 INFO    [5] Doraemon: 'Billions of tiny transistors acting as ON/OFF switches, form...'
17:55:50 INFO    [6] Nobita: 'So it does all the hard work while I'm just chilling? Like S...'
17:55:50 INFO    [7] Doraemon: 'EXACTLY! But unlike Suneo, it just needs electricity, not li...'
17:55:50 INFO  [image_picker] Starting
17:55:50 INFO  [image_picker] Picked A: 01.png, B: 01.png, BG: test_bg.mp4
17:55:50 INFO  [asset_fetcher] Starting audio generation
17:55:50 INFO  [asset_fetcher] Generating audio for line 0: 'Doraemon, what's a microprocessor? Is it like a ti...' voice=am_puck
17:55:50 INFO  [asset_fetcher] Loading Kokoro ONNX model...
17:55:56 INFO  [asset_fetcher] Loading Whisper tiny model...
E:\AGENT\venv\lib\site-packages\whisper\transcribe.py:132: UserWarning: FP16 is not supported on CPU; using FP32 
instead
  warnings.warn("FP16 is not supported on CPU; using FP32 instead")
17:56:18 INFO  [asset_fetcher] Found 14 words. First: 'Doryman,' (0ms), Last: 'brain?' (4080ms)
17:56:18 INFO  [asset_fetcher] Line 0 complete: 4864ms audio, 14 words, took 27442ms
17:56:18 INFO  [asset_fetcher] Generating audio for line 1: 'LOL no, Nobita! It's the actual BRAIN of your phon...' voice=bm_george
E:\AGENT\venv\lib\site-packages\whisper\transcribe.py:132: UserWarning: FP16 is not supported on CPU; using FP32 
instead
  warnings.warn("FP16 is not supported on CPU; using FP32 instead")
17:56:24 INFO  [asset_fetcher] Found 22 words. First: 'L' (0ms), Last: 'thinking.' (6440ms)
17:56:24 INFO  [asset_fetcher] Line 1 complete: 6976ms audio, 22 words, took 6162ms
17:56:24 INFO  [asset_fetcher] Generating audio for line 2: 'So it's a tiny CEO for machines? But what does it ...' voice=am_puck
17:56:29 INFO  [asset_fetcher] Found 17 words. First: 'So' (0ms), Last: 'time.' (4180ms)
17:56:29 INFO  [asset_fetcher] Line 2 complete: 5099ms audio, 17 words, took 5495ms
17:56:29 INFO  [asset_fetcher] Generating audio for line 3: 'Nah fam! It takes instructions, processes data, ex...' voice=bm_george
17:56:29 WARNING words count mismatch on 100.0% of the lines (1/1)
17:56:37 INFO  [asset_fetcher] Found 18 words. First: 'Narfam,' (0ms), Last: 'speed.' (8400ms)
17:56:37 INFO  [asset_fetcher] Line 3 complete: 8960ms audio, 18 words, took 7580ms
17:56:37 INFO  [asset_fetcher] Generating audio for line 4: 'But *how*? Like a super-fast abacus? Or tiny gnome...' voice=am_puck
17:56:42 INFO  [asset_fetcher] Found 12 words. First: 'but' (0ms), Last: 'math?' (3160ms)
17:56:42 INFO  [asset_fetcher] Line 4 complete: 3840ms audio, 12 words, took 4870ms
17:56:42 INFO  [asset_fetcher] Generating audio for line 5: 'Billions of tiny transistors acting as ON/OFF swit...' voice=bm_george
17:56:42 WARNING words count mismatch on 200.0% of the lines (2/1)
17:56:52 INFO  [asset_fetcher] Found 23 words. First: 'Billions' (0ms), Last: 'computation.' (10240ms)
17:56:52 INFO  [asset_fetcher] Line 5 complete: 11136ms audio, 23 words, took 9934ms
17:56:52 INFO  [asset_fetcher] Generating audio for line 6: 'So it does all the hard work while I'm just chilli...' voice=am_puck
17:56:57 INFO  [asset_fetcher] Found 16 words. First: 'So' (0ms), Last: 'homework.' (3640ms)
17:56:57 INFO  [asset_fetcher] Line 6 complete: 4544ms audio, 16 words, took 5173ms
17:56:57 INFO  [asset_fetcher] Generating audio for line 7: 'EXACTLY! But unlike Suneo, it just needs electrici...' voice=bm_george
17:57:04 INFO  [asset_fetcher] Found 13 words. First: 'Exactly,' (0ms), Last: 'figures.' (5860ms)
17:57:04 INFO  [asset_fetcher] Line 7 complete: 6443ms audio, 13 words, took 6776ms
17:57:04 INFO  [asset_fetcher] All 8 lines generated. Total duration: 51861ms (51.9s)
17:57:04 INFO  [WAV concatenation] Running: ffmpeg -f concat -safe 0 -i "assets\temp\filelist.txt" -c copy -y "assets\temp\full_audio.wav"
17:57:04 INFO  [asset_fetcher] Audio pipeline complete: 51861ms total, 8 segments, took 74168ms
17:57:04 INFO  [video_assembler] Starting video assembly
17:57:04 INFO  [video_assembler] Generating .ass subtitle file
17:57:04 INFO  [video_assembler] Subtitle file written: assets\temp\subtitles.ass
  Entries: 135
  Coverage: 51619ms (51.6s)
  Words per chunk: 1
17:57:04 INFO  [video_assembler] Built 8 overlay windows:
--- Logging error ---
Traceback (most recent call last):
  File "C:\Users\tomar\AppData\Local\Programs\Python\Python310\lib\logging\__init__.py", line 1103, in emit
    stream.write(msg + self.terminator)
  File "C:\Users\tomar\AppData\Local\Programs\Python\Python310\lib\encodings\cp1252.py", line 19, in encode
    return codecs.charmap_encode(input,self.errors,encoding_table)[0]
UnicodeEncodeError: 'charmap' codec can't encode character '\u2192' in position 38: character maps to <undefined>
Call stack:
  File "E:\AGENT\scripts\test_phase3.py", line 104, in <module>
    asyncio.run(main())
  File "C:\Users\tomar\AppData\Local\Programs\Python\Python310\lib\asyncio\runners.py", line 44, in run
    return loop.run_until_complete(main)
  File "C:\Users\tomar\AppData\Local\Programs\Python\Python310\lib\asyncio\base_events.py", line 636, in 
run_until_complete
    self.run_forever()
  File "C:\Users\tomar\AppData\Local\Programs\Python\Python310\lib\asyncio\windows_events.py", line 321, in run_forever
    super().run_forever()
  File "C:\Users\tomar\AppData\Local\Programs\Python\Python310\lib\asyncio\base_events.py", line 603, in run_forever
    self._run_once()
  File "C:\Users\tomar\AppData\Local\Programs\Python\Python310\lib\asyncio\base_events.py", line 1909, in _run_once
    handle._run()
  File "C:\Users\tomar\AppData\Local\Programs\Python\Python310\lib\asyncio\events.py", line 80, in _run
    self._context.run(self._callback, *self._args)
  File "E:\AGENT\scripts\test_phase3.py", line 53, in main
    state = await run_pipeline(config)
  File "E:\AGENT\agent\orchestrator.py", line 138, in run_pipeline
    final_state = await graph.ainvoke(initial_state)
  File "E:\AGENT\venv\lib\site-packages\langgraph\pregel\main.py", line 3535, in ainvoke
    async for chunk in self.astream(
  File "E:\AGENT\venv\lib\site-packages\langgraph\pregel\main.py", line 3181, in astream
    async for _ in runner.atick(
  File "E:\AGENT\venv\lib\site-packages\langgraph\pregel\_runner.py", line 304, in atick
    await arun_with_retry(
  File "E:\AGENT\venv\lib\site-packages\langgraph\pregel\_retry.py", line 242, in arun_with_retry
    return await task.proc.ainvoke(task.input, config)
  File "E:\AGENT\venv\lib\site-packages\langgraph\_internal\_runnable.py", line 709, in ainvoke
    input = await step.ainvoke(input, config, **kwargs)
  File "E:\AGENT\venv\lib\site-packages\langgraph\_internal\_runnable.py", line 473, in ainvoke
    ret = await self.afunc(*args, **kwargs)
  File "E:\AGENT\agent\orchestrator.py", line 46, in video_assembler
    return await assemble_video(state, state["config"])
  File "E:\AGENT\agent\nodes\video_assembler.py", line 746, in assemble_video
    overlay_windows = _build_overlay_windows(
  File "E:\AGENT\agent\nodes\video_assembler.py", line 324, in _build_overlay_windows
    logger.info(
Message: '  [0]     Nobita 0.00s \u2192 4.86s  x=20 y=1100'
Arguments: ()
--- Logging error ---
Traceback (most recent call last):
  File "C:\Users\tomar\AppData\Local\Programs\Python\Python310\lib\logging\__init__.py", line 1103, in emit
    stream.write(msg + self.terminator)
  File "C:\Users\tomar\AppData\Local\Programs\Python\Python310\lib\encodings\cp1252.py", line 19, in encode
    return codecs.charmap_encode(input,self.errors,encoding_table)[0]
UnicodeEncodeError: 'charmap' codec can't encode character '\u2192' in position 38: character maps to <undefined>
Call stack:
  File "E:\AGENT\scripts\test_phase3.py", line 104, in <module>
    asyncio.run(main())
  File "C:\Users\tomar\AppData\Local\Programs\Python\Python310\lib\asyncio\runners.py", line 44, in run
    return loop.run_until_complete(main)
  File "C:\Users\tomar\AppData\Local\Programs\Python\Python310\lib\asyncio\base_events.py", line 636, in 
run_until_complete
    self.run_forever()
  File "C:\Users\tomar\AppData\Local\Programs\Python\Python310\lib\asyncio\windows_events.py", line 321, in run_forever
    super().run_forever()
  File "C:\Users\tomar\AppData\Local\Programs\Python\Python310\lib\asyncio\base_events.py", line 603, in run_forever
    self._run_once()
  File "C:\Users\tomar\AppData\Local\Programs\Python\Python310\lib\asyncio\base_events.py", line 1909, in _run_once
    handle._run()
  File "C:\Users\tomar\AppData\Local\Programs\Python\Python310\lib\asyncio\events.py", line 80, in _run
    self._context.run(self._callback, *self._args)
  File "E:\AGENT\scripts\test_phase3.py", line 53, in main
    state = await run_pipeline(config)
  File "E:\AGENT\agent\orchestrator.py", line 138, in run_pipeline
    final_state = await graph.ainvoke(initial_state)
  File "E:\AGENT\venv\lib\site-packages\langgraph\pregel\main.py", line 3535, in ainvoke
    async for chunk in self.astream(
  File "E:\AGENT\venv\lib\site-packages\langgraph\pregel\main.py", line 3181, in astream
    async for _ in runner.atick(
  File "E:\AGENT\venv\lib\site-packages\langgraph\pregel\_runner.py", line 304, in atick
    await arun_with_retry(
  File "E:\AGENT\venv\lib\site-packages\langgraph\pregel\_retry.py", line 242, in arun_with_retry
    return await task.proc.ainvoke(task.input, config)
  File "E:\AGENT\venv\lib\site-packages\langgraph\_internal\_runnable.py", line 709, in ainvoke
    input = await step.ainvoke(input, config, **kwargs)
  File "E:\AGENT\venv\lib\site-packages\langgraph\_internal\_runnable.py", line 473, in ainvoke
    ret = await self.afunc(*args, **kwargs)
  File "E:\AGENT\agent\orchestrator.py", line 46, in video_assembler
    return await assemble_video(state, state["config"])
  File "E:\AGENT\agent\nodes\video_assembler.py", line 746, in assemble_video
    overlay_windows = _build_overlay_windows(
  File "E:\AGENT\agent\nodes\video_assembler.py", line 324, in _build_overlay_windows
    logger.info(
Message: '  [1]   Doraemon 4.86s \u2192 11.84s  x=660 y=1100'
Arguments: ()
--- Logging error ---
Traceback (most recent call last):
  File "C:\Users\tomar\AppData\Local\Programs\Python\Python310\lib\logging\__init__.py", line 1103, in emit
    stream.write(msg + self.terminator)
  File "C:\Users\tomar\AppData\Local\Programs\Python\Python310\lib\encodings\cp1252.py", line 19, in encode
    return codecs.charmap_encode(input,self.errors,encoding_table)[0]
UnicodeEncodeError: 'charmap' codec can't encode character '\u2192' in position 39: character maps to <undefined>
Call stack:
  File "E:\AGENT\scripts\test_phase3.py", line 104, in <module>
    asyncio.run(main())
  File "C:\Users\tomar\AppData\Local\Programs\Python\Python310\lib\asyncio\runners.py", line 44, in run
    return loop.run_until_complete(main)
  File "C:\Users\tomar\AppData\Local\Programs\Python\Python310\lib\asyncio\base_events.py", line 636, in 
run_until_complete
    self.run_forever()
  File "C:\Users\tomar\AppData\Local\Programs\Python\Python310\lib\asyncio\windows_events.py", line 321, in run_forever
    super().run_forever()
  File "C:\Users\tomar\AppData\Local\Programs\Python\Python310\lib\asyncio\base_events.py", line 603, in run_forever
    self._run_once()
  File "C:\Users\tomar\AppData\Local\Programs\Python\Python310\lib\asyncio\base_events.py", line 1909, in _run_once
    handle._run()
  File "C:\Users\tomar\AppData\Local\Programs\Python\Python310\lib\asyncio\events.py", line 80, in _run
    self._context.run(self._callback, *self._args)
  File "E:\AGENT\scripts\test_phase3.py", line 53, in main
    state = await run_pipeline(config)
  File "E:\AGENT\agent\orchestrator.py", line 138, in run_pipeline
    final_state = await graph.ainvoke(initial_state)
  File "E:\AGENT\venv\lib\site-packages\langgraph\pregel\main.py", line 3535, in ainvoke
    async for chunk in self.astream(
  File "E:\AGENT\venv\lib\site-packages\langgraph\pregel\main.py", line 3181, in astream
    async for _ in runner.atick(
  File "E:\AGENT\venv\lib\site-packages\langgraph\pregel\_runner.py", line 304, in atick
    await arun_with_retry(
  File "E:\AGENT\venv\lib\site-packages\langgraph\pregel\_retry.py", line 242, in arun_with_retry
    return await task.proc.ainvoke(task.input, config)
  File "E:\AGENT\venv\lib\site-packages\langgraph\_internal\_runnable.py", line 709, in ainvoke
    input = await step.ainvoke(input, config, **kwargs)
  File "E:\AGENT\venv\lib\site-packages\langgraph\_internal\_runnable.py", line 473, in ainvoke
    ret = await self.afunc(*args, **kwargs)
  File "E:\AGENT\agent\orchestrator.py", line 46, in video_assembler
    return await assemble_video(state, state["config"])
  File "E:\AGENT\agent\nodes\video_assembler.py", line 746, in assemble_video
    overlay_windows = _build_overlay_windows(
  File "E:\AGENT\agent\nodes\video_assembler.py", line 324, in _build_overlay_windows
    logger.info(
Message: '  [2]     Nobita 11.84s \u2192 16.94s  x=20 y=1100'
Arguments: ()
--- Logging error ---
Traceback (most recent call last):
  File "C:\Users\tomar\AppData\Local\Programs\Python\Python310\lib\logging\__init__.py", line 1103, in emit
    stream.write(msg + self.terminator)
  File "C:\Users\tomar\AppData\Local\Programs\Python\Python310\lib\encodings\cp1252.py", line 19, in encode
    return codecs.charmap_encode(input,self.errors,encoding_table)[0]
UnicodeEncodeError: 'charmap' codec can't encode character '\u2192' in position 39: character maps to <undefined>
Call stack:
  File "E:\AGENT\scripts\test_phase3.py", line 104, in <module>
    asyncio.run(main())
  File "C:\Users\tomar\AppData\Local\Programs\Python\Python310\lib\asyncio\runners.py", line 44, in run
    return loop.run_until_complete(main)
  File "C:\Users\tomar\AppData\Local\Programs\Python\Python310\lib\asyncio\base_events.py", line 636, in 
run_until_complete
    self.run_forever()
  File "C:\Users\tomar\AppData\Local\Programs\Python\Python310\lib\asyncio\windows_events.py", line 321, in run_forever
    super().run_forever()
  File "C:\Users\tomar\AppData\Local\Programs\Python\Python310\lib\asyncio\base_events.py", line 603, in run_forever
    self._run_once()
  File "C:\Users\tomar\AppData\Local\Programs\Python\Python310\lib\asyncio\base_events.py", line 1909, in _run_once
    handle._run()
  File "C:\Users\tomar\AppData\Local\Programs\Python\Python310\lib\asyncio\events.py", line 80, in _run
    self._context.run(self._callback, *self._args)
  File "E:\AGENT\scripts\test_phase3.py", line 53, in main
    state = await run_pipeline(config)
  File "E:\AGENT\agent\orchestrator.py", line 138, in run_pipeline
    final_state = await graph.ainvoke(initial_state)
  File "E:\AGENT\venv\lib\site-packages\langgraph\pregel\main.py", line 3535, in ainvoke
    async for chunk in self.astream(
  File "E:\AGENT\venv\lib\site-packages\langgraph\pregel\main.py", line 3181, in astream
    async for _ in runner.atick(
  File "E:\AGENT\venv\lib\site-packages\langgraph\pregel\_runner.py", line 304, in atick
    await arun_with_retry(
  File "E:\AGENT\venv\lib\site-packages\langgraph\pregel\_retry.py", line 242, in arun_with_retry
    return await task.proc.ainvoke(task.input, config)
  File "E:\AGENT\venv\lib\site-packages\langgraph\_internal\_runnable.py", line 709, in ainvoke
    input = await step.ainvoke(input, config, **kwargs)
  File "E:\AGENT\venv\lib\site-packages\langgraph\_internal\_runnable.py", line 473, in ainvoke
    ret = await self.afunc(*args, **kwargs)
  File "E:\AGENT\agent\orchestrator.py", line 46, in video_assembler
    return await assemble_video(state, state["config"])
  File "E:\AGENT\agent\nodes\video_assembler.py", line 746, in assemble_video
    overlay_windows = _build_overlay_windows(
  File "E:\AGENT\agent\nodes\video_assembler.py", line 324, in _build_overlay_windows
    logger.info(
Message: '  [3]   Doraemon 16.94s \u2192 25.90s  x=660 y=1100'
Arguments: ()
--- Logging error ---
Traceback (most recent call last):
  File "C:\Users\tomar\AppData\Local\Programs\Python\Python310\lib\logging\__init__.py", line 1103, in emit
    stream.write(msg + self.terminator)
  File "C:\Users\tomar\AppData\Local\Programs\Python\Python310\lib\encodings\cp1252.py", line 19, in encode
    return codecs.charmap_encode(input,self.errors,encoding_table)[0]
UnicodeEncodeError: 'charmap' codec can't encode character '\u2192' in position 39: character maps to <undefined>
Call stack:
  File "E:\AGENT\scripts\test_phase3.py", line 104, in <module>
    asyncio.run(main())
  File "C:\Users\tomar\AppData\Local\Programs\Python\Python310\lib\asyncio\runners.py", line 44, in run
    return loop.run_until_complete(main)
  File "C:\Users\tomar\AppData\Local\Programs\Python\Python310\lib\asyncio\base_events.py", line 636, in 
run_until_complete
    self.run_forever()
  File "C:\Users\tomar\AppData\Local\Programs\Python\Python310\lib\asyncio\windows_events.py", line 321, in run_forever
    super().run_forever()
  File "C:\Users\tomar\AppData\Local\Programs\Python\Python310\lib\asyncio\base_events.py", line 603, in run_forever
    self._run_once()
  File "C:\Users\tomar\AppData\Local\Programs\Python\Python310\lib\asyncio\base_events.py", line 1909, in _run_once
    handle._run()
  File "C:\Users\tomar\AppData\Local\Programs\Python\Python310\lib\asyncio\events.py", line 80, in _run
    self._context.run(self._callback, *self._args)
  File "E:\AGENT\scripts\test_phase3.py", line 53, in main
    state = await run_pipeline(config)
  File "E:\AGENT\agent\orchestrator.py", line 138, in run_pipeline
    final_state = await graph.ainvoke(initial_state)
  File "E:\AGENT\venv\lib\site-packages\langgraph\pregel\main.py", line 3535, in ainvoke
    async for chunk in self.astream(
  File "E:\AGENT\venv\lib\site-packages\langgraph\pregel\main.py", line 3181, in astream
    async for _ in runner.atick(
  File "E:\AGENT\venv\lib\site-packages\langgraph\pregel\_runner.py", line 304, in atick
    await arun_with_retry(
  File "E:\AGENT\venv\lib\site-packages\langgraph\pregel\_retry.py", line 242, in arun_with_retry
    return await task.proc.ainvoke(task.input, config)
  File "E:\AGENT\venv\lib\site-packages\langgraph\_internal\_runnable.py", line 709, in ainvoke
    input = await step.ainvoke(input, config, **kwargs)
  File "E:\AGENT\venv\lib\site-packages\langgraph\_internal\_runnable.py", line 473, in ainvoke
    ret = await self.afunc(*args, **kwargs)
  File "E:\AGENT\agent\orchestrator.py", line 46, in video_assembler
    return await assemble_video(state, state["config"])
  File "E:\AGENT\agent\nodes\video_assembler.py", line 746, in assemble_video
    overlay_windows = _build_overlay_windows(
  File "E:\AGENT\agent\nodes\video_assembler.py", line 324, in _build_overlay_windows
    logger.info(
Message: '  [4]     Nobita 25.90s \u2192 29.74s  x=20 y=1100'
Arguments: ()
--- Logging error ---
Traceback (most recent call last):
  File "C:\Users\tomar\AppData\Local\Programs\Python\Python310\lib\logging\__init__.py", line 1103, in emit
    stream.write(msg + self.terminator)
  File "C:\Users\tomar\AppData\Local\Programs\Python\Python310\lib\encodings\cp1252.py", line 19, in encode
    return codecs.charmap_encode(input,self.errors,encoding_table)[0]
UnicodeEncodeError: 'charmap' codec can't encode character '\u2192' in position 39: character maps to <undefined>
Call stack:
  File "E:\AGENT\scripts\test_phase3.py", line 104, in <module>
    asyncio.run(main())
  File "C:\Users\tomar\AppData\Local\Programs\Python\Python310\lib\asyncio\runners.py", line 44, in run
    return loop.run_until_complete(main)
  File "C:\Users\tomar\AppData\Local\Programs\Python\Python310\lib\asyncio\base_events.py", line 636, in 
run_until_complete
    self.run_forever()
  File "C:\Users\tomar\AppData\Local\Programs\Python\Python310\lib\asyncio\windows_events.py", line 321, in run_forever
    super().run_forever()
  File "C:\Users\tomar\AppData\Local\Programs\Python\Python310\lib\asyncio\base_events.py", line 603, in run_forever
    self._run_once()
  File "C:\Users\tomar\AppData\Local\Programs\Python\Python310\lib\asyncio\base_events.py", line 1909, in _run_once
    handle._run()
  File "C:\Users\tomar\AppData\Local\Programs\Python\Python310\lib\asyncio\events.py", line 80, in _run
    self._context.run(self._callback, *self._args)
  File "E:\AGENT\scripts\test_phase3.py", line 53, in main
    state = await run_pipeline(config)
  File "E:\AGENT\agent\orchestrator.py", line 138, in run_pipeline
    final_state = await graph.ainvoke(initial_state)
  File "E:\AGENT\venv\lib\site-packages\langgraph\pregel\main.py", line 3535, in ainvoke
    async for chunk in self.astream(
  File "E:\AGENT\venv\lib\site-packages\langgraph\pregel\main.py", line 3181, in astream
    async for _ in runner.atick(
  File "E:\AGENT\venv\lib\site-packages\langgraph\pregel\_runner.py", line 304, in atick
    await arun_with_retry(
  File "E:\AGENT\venv\lib\site-packages\langgraph\pregel\_retry.py", line 242, in arun_with_retry
    return await task.proc.ainvoke(task.input, config)
  File "E:\AGENT\venv\lib\site-packages\langgraph\_internal\_runnable.py", line 709, in ainvoke
    input = await step.ainvoke(input, config, **kwargs)
  File "E:\AGENT\venv\lib\site-packages\langgraph\_internal\_runnable.py", line 473, in ainvoke
    ret = await self.afunc(*args, **kwargs)
  File "E:\AGENT\agent\orchestrator.py", line 46, in video_assembler
    return await assemble_video(state, state["config"])
  File "E:\AGENT\agent\nodes\video_assembler.py", line 746, in assemble_video
    overlay_windows = _build_overlay_windows(
  File "E:\AGENT\agent\nodes\video_assembler.py", line 324, in _build_overlay_windows
17:57:05 INFO  [video_assembler] Starting Pass 1 (composite)
17:57:05 INFO  [video_assembler] Background music found: bg_music.mp3
17:57:05 INFO  [Pass 1 (composite)] Running: C:\ProgramData\chocolatey\bin\ffmpeg.EXE -stream_loop -1 -i E:/AGENT/assets/backgrounds/test_bg.mp4 -i E:/AGENT/assets/characters/Nobita/01.png -i E:/AGENT/assets/characters/Doraemon/01.png -i assets/temp/full_audio.wav -stream_loop -1 -i E:/AGENT/assets/music/bg_music.mp3 -filter_complex [0:v]scale=1080:1920:force_original_aspect_ratio=increase,crop=1080:1920,setsar=1,fps=30[bg];[1:v]scale=400:400,split=4[ca0][ca1][ca2][ca3];[2:v]scale=400:400,split=4[cb0][cb1][cb2][cb3];[bg][ca0]overlay=20:1100:enable='between(t,0.000,4.864)'[t0];[t0][cb0]overlay=660:1100:enable='between(t,4.864,11.840)'[t1];[t1][ca1]overlay=20:1100:enable='between(t,11.840,16.939)'[t2];[t2][cb1]overlay=660:1100:enable='between(t,16.939,25.899)'[t3];[t3][ca2]overlay=20:1100:enable='between(t,25.899,29.739)'[t4];[t4][cb2]overlay=660:1100:enable='between(t,29.739,40.875)'[t5];[t5][ca3]overlay=20:1100:enable='between(t,40.875,45.419)'[t6];[t6][cb3]overlay=660:1100:enable='between(t,45.419,51.861)'[v];[3:a][4:a]amix=inputs=2:duration=first:weights=1 0.1[aout] -map [v] -map [aout] -t 51.86 -c:v libx264 -preset fast -c:a aac -shortest -y assets/temp/intermediate.mp4
    logger.info(
Message: '  [5]   Doraemon 29.74s \u2192 40.87s  x=660 y=1100'
Arguments: ()
--- Logging error ---
Traceback (most recent call last):
  File "C:\Users\tomar\AppData\Local\Programs\Python\Python310\lib\logging\__init__.py", line 1103, in emit
    stream.write(msg + self.terminator)
  File "C:\Users\tomar\AppData\Local\Programs\Python\Python310\lib\encodings\cp1252.py", line 19, in encode
    return codecs.charmap_encode(input,self.errors,encoding_table)[0]
UnicodeEncodeError: 'charmap' codec can't encode character '\u2192' in position 39: character maps to <undefined>
Call stack:
  File "E:\AGENT\scripts\test_phase3.py", line 104, in <module>
    asyncio.run(main())
  File "C:\Users\tomar\AppData\Local\Programs\Python\Python310\lib\asyncio\runners.py", line 44, in run
    return loop.run_until_complete(main)
  File "C:\Users\tomar\AppData\Local\Programs\Python\Python310\lib\asyncio\base_events.py", line 636, in 
run_until_complete
    self.run_forever()
  File "C:\Users\tomar\AppData\Local\Programs\Python\Python310\lib\asyncio\windows_events.py", line 321, in run_forever
    super().run_forever()
  File "C:\Users\tomar\AppData\Local\Programs\Python\Python310\lib\asyncio\base_events.py", line 603, in run_forever
    self._run_once()
  File "C:\Users\tomar\AppData\Local\Programs\Python\Python310\lib\asyncio\base_events.py", line 1909, in _run_once
    handle._run()
  File "C:\Users\tomar\AppData\Local\Programs\Python\Python310\lib\asyncio\events.py", line 80, in _run
    self._context.run(self._callback, *self._args)
  File "E:\AGENT\scripts\test_phase3.py", line 53, in main
    state = await run_pipeline(config)
  File "E:\AGENT\agent\orchestrator.py", line 138, in run_pipeline
    final_state = await graph.ainvoke(initial_state)
  File "E:\AGENT\venv\lib\site-packages\langgraph\pregel\main.py", line 3535, in ainvoke
    async for chunk in self.astream(
  File "E:\AGENT\venv\lib\site-packages\langgraph\pregel\main.py", line 3181, in astream
    async for _ in runner.atick(
  File "E:\AGENT\venv\lib\site-packages\langgraph\pregel\_runner.py", line 304, in atick
    await arun_with_retry(
  File "E:\AGENT\venv\lib\site-packages\langgraph\pregel\_retry.py", line 242, in arun_with_retry
    return await task.proc.ainvoke(task.input, config)
  File "E:\AGENT\venv\lib\site-packages\langgraph\_internal\_runnable.py", line 709, in ainvoke
    input = await step.ainvoke(input, config, **kwargs)
  File "E:\AGENT\venv\lib\site-packages\langgraph\_internal\_runnable.py", line 473, in ainvoke
    ret = await self.afunc(*args, **kwargs)
  File "E:\AGENT\agent\orchestrator.py", line 46, in video_assembler
    return await assemble_video(state, state["config"])
  File "E:\AGENT\agent\nodes\video_assembler.py", line 746, in assemble_video
    overlay_windows = _build_overlay_windows(
  File "E:\AGENT\agent\nodes\video_assembler.py", line 324, in _build_overlay_windows
    logger.info(
Message: '  [6]     Nobita 40.87s \u2192 45.42s  x=20 y=1100'
Arguments: ()
--- Logging error ---
Traceback (most recent call last):
  File "C:\Users\tomar\AppData\Local\Programs\Python\Python310\lib\logging\__init__.py", line 1103, in emit
    stream.write(msg + self.terminator)
  File "C:\Users\tomar\AppData\Local\Programs\Python\Python310\lib\encodings\cp1252.py", line 19, in encode
    return codecs.charmap_encode(input,self.errors,encoding_table)[0]
UnicodeEncodeError: 'charmap' codec can't encode character '\u2192' in position 39: character maps to <undefined>
Call stack:
  File "E:\AGENT\scripts\test_phase3.py", line 104, in <module>
    asyncio.run(main())
  File "C:\Users\tomar\AppData\Local\Programs\Python\Python310\lib\asyncio\runners.py", line 44, in run
    return loop.run_until_complete(main)
  File "C:\Users\tomar\AppData\Local\Programs\Python\Python310\lib\asyncio\base_events.py", line 636, in 
run_until_complete
    self.run_forever()
  File "C:\Users\tomar\AppData\Local\Programs\Python\Python310\lib\asyncio\windows_events.py", line 321, in run_forever
    super().run_forever()
  File "C:\Users\tomar\AppData\Local\Programs\Python\Python310\lib\asyncio\base_events.py", line 603, in run_forever
    self._run_once()
  File "C:\Users\tomar\AppData\Local\Programs\Python\Python310\lib\asyncio\base_events.py", line 1909, in _run_once
    handle._run()
  File "C:\Users\tomar\AppData\Local\Programs\Python\Python310\lib\asyncio\events.py", line 80, in _run
    self._context.run(self._callback, *self._args)
  File "E:\AGENT\scripts\test_phase3.py", line 53, in main
    state = await run_pipeline(config)
  File "E:\AGENT\agent\orchestrator.py", line 138, in run_pipeline
    final_state = await graph.ainvoke(initial_state)
  File "E:\AGENT\venv\lib\site-packages\langgraph\pregel\main.py", line 3535, in ainvoke
    async for chunk in self.astream(
  File "E:\AGENT\venv\lib\site-packages\langgraph\pregel\main.py", line 3181, in astream
    async for _ in runner.atick(
  File "E:\AGENT\venv\lib\site-packages\langgraph\pregel\_runner.py", line 304, in atick
    await arun_with_retry(
  File "E:\AGENT\venv\lib\site-packages\langgraph\pregel\_retry.py", line 242, in arun_with_retry
    return await task.proc.ainvoke(task.input, config)
  File "E:\AGENT\venv\lib\site-packages\langgraph\_internal\_runnable.py", line 709, in ainvoke
    input = await step.ainvoke(input, config, **kwargs)
  File "E:\AGENT\venv\lib\site-packages\langgraph\_internal\_runnable.py", line 473, in ainvoke
    ret = await self.afunc(*args, **kwargs)
  File "E:\AGENT\agent\orchestrator.py", line 46, in video_assembler
    return await assemble_video(state, state["config"])
  File "E:\AGENT\agent\nodes\video_assembler.py", line 746, in assemble_video
    overlay_windows = _build_overlay_windows(
  File "E:\AGENT\agent\nodes\video_assembler.py", line 324, in _build_overlay_windows
    logger.info(
Message: '  [7]   Doraemon 45.42s \u2192 51.86s  x=660 y=1100'
Arguments: ()
17:58:09 INFO  [video_assembler] Pass 1 complete:
  File: assets\temp\intermediate.mp4
  Duration: 51.9s
  Streams: ['video', 'audio']
17:58:09 INFO  [video_assembler] Starting Pass 2 (subtitle burn-in)
17:58:09 INFO  [Pass 2 (subtitles)] Running: C:\ProgramData\chocolatey\bin\ffmpeg.EXE -i assets/temp/intermediate.mp4 -vf ass='assets/temp/subtitles.ass' -c:v libx264 -preset fast -c:a copy -y output/33db23a9-b2b3-4a07-87e4-95f664c7f59b.mp4
17:59:01 INFO  [video_assembler] Pass 2 complete:
  File: output\33db23a9-b2b3-4a07-87e4-95f664c7f59b.mp4
  Duration: 51.9s
  Streams: ['video', 'audio']
17:59:01 INFO  [video_assembler] Video validation:
  File: output\33db23a9-b2b3-4a07-87e4-95f664c7f59b.mp4
  Duration: 51.9s (need >5s: OK)
  Video stream: OK
  Audio stream: OK
17:59:01 INFO  [video_assembler] Assembly complete in 117014ms
  Final video: output\33db23a9-b2b3-4a07-87e4-95f664c7f59b.mp4
  Duration: 51.9s
  Validated: True
17:59:01 INFO  [metadata_generator] Starting ù state keys: ['run_id', 'created_at', 'config', 'topic', 'character_a', 'character_b', 'character_a_role', 'character_b_role', 'character_a_voice', 'character_b_voice', 'character_a_image_folder', 'character_b_image_folder', 'trend_source', 'script', 'script_line_count', 'script_duration_estimate_sec', 'character_a_image', 'character_b_image', 'audio_segments', 'background_video', 'full_audio_path', 'full_audio_duration_ms', 'subtitle_file', 'intermediate_video', 'final_video', 'video_duration_sec', 'video_validated', 'title', 'description', 'hashtags', 'tags', 'queue_entry_id', 'scheduled_upload_time', 'error', 'failed_node']
17:59:01 WARNING Both GOOGLE_API_KEY and GEMINI_API_KEY are set. Using GOOGLE_API_KEY.
17:59:01 INFO  [metadata_generator] Sending to Gemini ù ~92 words in prompt
17:59:01 INFO  AFC is enabled with max remote calls: 10.
17:59:10 INFO  HTTP Request: POST https://generativelanguage.googleapis.com/v1beta/models/gemini-2.5-flash:generateContent "HTTP/1.1 200 OK"
--- Logging error ---
Traceback (most recent call last):
  File "C:\Users\tomar\AppData\Local\Programs\Python\Python310\lib\logging\__init__.py", line 1103, in emit
    stream.write(msg + self.terminator)
  File "C:\Users\tomar\AppData\Local\Programs\Python\Python310\lib\encodings\cp1252.py", line 19, in encode
    return codecs.charmap_encode(input,self.errors,encoding_table)[0]
UnicodeEncodeError: 'charmap' codec can't encode character '\U0001f92f' in position 75: character maps to <undefined>
Call stack:
  File "E:\AGENT\scripts\test_phase3.py", line 104, in <module>
    asyncio.run(main())
  File "C:\Users\tomar\AppData\Local\Programs\Python\Python310\lib\asyncio\runners.py", line 44, in run
    return loop.run_until_complete(main)
  File "C:\Users\tomar\AppData\Local\Programs\Python\Python310\lib\asyncio\base_events.py", line 636, in 
run_until_complete
    self.run_forever()
  File "C:\Users\tomar\AppData\Local\Programs\Python\Python310\lib\asyncio\windows_events.py", line 321, in run_forever
    super().run_forever()
  File "C:\Users\tomar\AppData\Local\Programs\Python\Python310\lib\asyncio\base_events.py", line 603, in run_forever
    self._run_once()
  File "C:\Users\tomar\AppData\Local\Programs\Python\Python310\lib\asyncio\base_events.py", line 1909, in _run_once
    handle._run()
  File "C:\Users\tomar\AppData\Local\Programs\Python\Python310\lib\asyncio\events.py", line 80, in _run
    self._context.run(self._callback, *self._args)
  File "E:\AGENT\scripts\test_phase3.py", line 53, in main
    state = await run_pipeline(config)
  File "E:\AGENT\agent\orchestrator.py", line 138, in run_pipeline
    final_state = await graph.ainvoke(initial_state)
  File "E:\AGENT\venv\lib\site-packages\langgraph\pregel\main.py", line 3535, in ainvoke
    async for chunk in self.astream(
  File "E:\AGENT\venv\lib\site-packages\langgraph\pregel\main.py", line 3181, in astream
    async for _ in runner.atick(
  File "E:\AGENT\venv\lib\site-packages\langgraph\pregel\_runner.py", line 304, in atick
    await arun_with_retry(
  File "E:\AGENT\venv\lib\site-packages\langgraph\pregel\_retry.py", line 242, in arun_with_retry
    return await task.proc.ainvoke(task.input, config)
  File "E:\AGENT\venv\lib\site-packages\langgraph\_internal\_runnable.py", line 709, in ainvoke
    input = await step.ainvoke(input, config, **kwargs)
  File "E:\AGENT\venv\lib\site-packages\langgraph\_internal\_runnable.py", line 473, in ainvoke
    ret = await self.afunc(*args, **kwargs)
  File "E:\AGENT\agent\orchestrator.py", line 49, in metadata_generator
    return await generate_metadata(state, state["config"])
  File "E:\AGENT\agent\nodes\metadata_generator.py", line 240, in generate_metadata
    logger.info(
Message: "[metadata_generator] Complete in 8978ms ù wrote:\n  Title: '\U0001f92f Nobita's CRAZY Question: What's a 
Microprocessor?! (Doraemon Explains!)'\n  Description: 'Nobita's brain is in full meltdown mode trying to understand 
microprocessors! \U0001f92f ...'\n  Hashtags: ['#Shorts', '#Doraemon', '#Nobita', '#Microprocessor', '#TechExplained', 
'#Brainrot', '#EducationalShorts', '#ComputerScience', '#TechFacts', '#FunnyLearning', '#WhatIs', '#ViralVideo', 
'#MindBlown', '#CPU', '#Processor']\n  Tags: ['Doraemon', 'Nobita', 'Microprocessor', 'TechExplained', 'Brainrot', 
'EducationalShorts', 'ComputerScience', 'TechFacts', 'FunnyLearning', 'WhatIs', 'ViralVideo', 'MindBlown', 'CPU', 
'Processor']"
Arguments: ()
17:59:10 INFO  [queue_manager] Starting
17:59:11 INFO  [queue_manager] Added to queue: 3a6ba687-0345-4167-8333-36fd7b918c03 for 2026-05-17T18:00:00+05:30
17:59:11 INFO  [pipeline] SUCCESS ù video: E:\AGENT\output\33db23a9-b2b3-4a07-87e4-95f664c7f59b.mp4 upload slot: 2026-05-17T18:00:00+05:30
17:59:11 INFO  
============================================================
17:59:11 INFO  PIPELINE STATE SUMMARY
17:59:11 INFO  ============================================================
17:59:11 INFO  Run ID:                33db23a9-b2b3-4a07-87e4-95f664c7f59b
17:59:11 INFO  Topic Chosen:          What is a microprocessor?
17:59:11 INFO  Characters:            Nobita vs Doraemon
17:59:11 INFO  Script Line Count:     8
17:59:11 INFO  Audio Duration:        51861 ms
17:59:11 INFO  Final Video Path:      E:\AGENT\output\33db23a9-b2b3-4a07-87e4-95f664c7f59b.mp4
17:59:11 INFO  Video Validated:       True
--- Logging error ---
Traceback (most recent call last):
  File "C:\Users\tomar\AppData\Local\Programs\Python\Python310\lib\logging\__init__.py", line 1103, in emit
    stream.write(msg + self.terminator)
  File "C:\Users\tomar\AppData\Local\Programs\Python\Python310\lib\encodings\cp1252.py", line 19, in encode
    return codecs.charmap_encode(input,self.errors,encoding_table)[0]
UnicodeEncodeError: 'charmap' codec can't encode character '\U0001f92f' in position 38: character maps to <undefined>
Call stack:
  File "E:\AGENT\scripts\test_phase3.py", line 104, in <module>
    asyncio.run(main())
  File "C:\Users\tomar\AppData\Local\Programs\Python\Python310\lib\asyncio\runners.py", line 44, in run
    return loop.run_until_complete(main)
  File "C:\Users\tomar\AppData\Local\Programs\Python\Python310\lib\asyncio\base_events.py", line 636, in 
run_until_complete
    self.run_forever()
  File "C:\Users\tomar\AppData\Local\Programs\Python\Python310\lib\asyncio\windows_events.py", line 321, in run_forever
    super().run_forever()
  File "C:\Users\tomar\AppData\Local\Programs\Python\Python310\lib\asyncio\base_events.py", line 603, in run_forever
    self._run_once()
  File "C:\Users\tomar\AppData\Local\Programs\Python\Python310\lib\asyncio\base_events.py", line 1909, in _run_once
    handle._run()
  File "C:\Users\tomar\AppData\Local\Programs\Python\Python310\lib\asyncio\events.py", line 80, in _run
    self._context.run(self._callback, *self._args)
  File "E:\AGENT\scripts\test_phase3.py", line 82, in main
    logger.info(f"Title Generated:       {title}")
Message: "Title Generated:       \U0001f92f Nobita's CRAZY Question: What's a Microprocessor?! (Doraemon Explains!)"
Arguments: ()
17:59:11 INFO  Hashtag Count:         15
17:59:11 INFO  Upload Slot Assigned:  2026-05-17T18:00:00+05:30
17:59:11 INFO  ============================================================
--- Logging error ---
Traceback (most recent call last):
  File "C:\Users\tomar\AppData\Local\Programs\Python\Python310\lib\logging\__init__.py", line 1103, in emit
    stream.write(msg + self.terminator)
  File "C:\Users\tomar\AppData\Local\Programs\Python\Python310\lib\encodings\cp1252.py", line 19, in encode
    return codecs.charmap_encode(input,self.errors,encoding_table)[0]
UnicodeEncodeError: 'charmap' codec can't encode character '\u2705' in position 15: character maps to <undefined>
Call stack:
  File "E:\AGENT\scripts\test_phase3.py", line 104, in <module>
    asyncio.run(main())
  File "C:\Users\tomar\AppData\Local\Programs\Python\Python310\lib\asyncio\runners.py", line 44, in run
    return loop.run_until_complete(main)
  File "C:\Users\tomar\AppData\Local\Programs\Python\Python310\lib\asyncio\base_events.py", line 636, in 
run_until_complete
    self.run_forever()
  File "C:\Users\tomar\AppData\Local\Programs\Python\Python310\lib\asyncio\windows_events.py", line 321, in run_forever
    super().run_forever()
  File "C:\Users\tomar\AppData\Local\Programs\Python\Python310\lib\asyncio\base_events.py", line 603, in run_forever
    self._run_once()
  File "C:\Users\tomar\AppData\Local\Programs\Python\Python310\lib\asyncio\base_events.py", line 1909, in _run_once
    handle._run()
  File "C:\Users\tomar\AppData\Local\Programs\Python\Python310\lib\asyncio\events.py", line 80, in _run
    self._context.run(self._callback, *self._args)
  File "E:\AGENT\scripts\test_phase3.py", line 97, in main
    logger.info("\u2705 Phase 3 complete ù full autonomous run succeeded")
Message: '\u2705 Phase 3 complete ù full autonomous run succeeded'
Arguments: ()
17:59:11 INFO  Video: E:\AGENT\output\33db23a9-b2b3-4a07-87e4-95f664c7f59b.mp4
